// Jest Snapshot v1, https://goo.gl/fbAQLP

exports[`Results rendering well 1`] = `
<form
  className=""
/>
`;
